// Jest Snapshot v1, https://goo.gl/fbAQLP

exports[`<Foo /> renders <Foo /> component 1`] = `ShallowWrapper {}`;
